Source/rtc.c:56:13:rtc_set_asynchronous_prescaler	16	static
Source/rtc.c:60:13:rtc_set_synchronous_prescaler	16	static
Source/rtc.c:64:16:rtc_initialization_sequence_enter	8	static
Source/rtc.c:75:16:wait_for_rtc_synchronization	8	static
Source/rtc.c:86:16:rtc_initialization_sequence_exit	8	static
Source/rtc.c:94:13:rtc_date_config	24	static
Source/rtc.c:108:13:rtc_time_config	24	static
Source/rtc.c:121:6:rtc_enable_initialization_mode	4	static
Source/rtc.c:125:6:rtc_disable_initialization_mode	4	static
Source/rtc.c:129:9:is_rtc_initialization_mode	4	static
Source/rtc.c:133:9:is_rtc_synchronized	4	static
Source/rtc.c:137:6:rtc_init	8	static
Source/rtc.c:195:9:rtc_convert_dec2bcd	16	static
Source/rtc.c:199:9:rtc_convert_bcd2dec	16	static
Source/rtc.c:203:9:rtc_date_get_current_day	16	static
Source/rtc.c:208:9:rtc_date_get_current_month	16	static
Source/rtc.c:213:9:rtc_date_get_current_year	16	static
Source/rtc.c:218:9:rtc_time_get_current_second	16	static
Source/rtc.c:223:9:rtc_time_get_current_minute	16	static
Source/rtc.c:228:9:rtc_time_get_current_hour	16	static
