Source/syscalls.c:31:6:initialise_monitor_handles	4	static
Source/syscalls.c:33:5:_getpid	4	static
Source/syscalls.c:35:5:_kill	16	static
Source/syscalls.c:42:6:_exit	16	static
Source/syscalls.c:48:27:_read	32	static
Source/syscalls.c:59:27:_write	32	static
Source/syscalls.c:69:5:_close	16	static
Source/syscalls.c:74:5:_fstat	16	static
Source/syscalls.c:80:5:_isatty	16	static
Source/syscalls.c:85:5:_lseek	24	static
Source/syscalls.c:92:5:_open	12	static
Source/syscalls.c:99:5:_wait	16	static
Source/syscalls.c:105:5:_unlink	16	static
Source/syscalls.c:111:5:_times	16	static
Source/syscalls.c:116:5:_stat	16	static
Source/syscalls.c:122:5:_link	16	static
Source/syscalls.c:129:5:_fork	8	static
Source/syscalls.c:134:5:_execve	24	static
